
> Admin Dashboard for SAMANYUDU TV@0.1.0 build
> vite build

npm : [33mThe CJS build of Vite's Node API is deprecated. See 
https://vite.dev/guide/troubleshooting.html#vite-cjs-node-api-deprecated for more details.[39m
At line:1 char:1
+ npm run build > build_output.txt 2>&1
+ ~~~~~~~~~~~~~~~~~~~~~~~~~~~~~~~~~~~~~
    + CategoryInfo          : NotSpecified: ([33mThe CJS bu...e details.[39m:String) [], RemoteException
    + FullyQualifiedErrorId : NativeCommandError
 
[36mvite v6.3.5 [32mbuilding for production...[36m[39m
transforming...
[32mΓ£ô[39m 4 modules transformed.
[31mΓ£ù[39m Build failed in 471ms
[31merror during build:
[31m[vite]: Rollup failed to resolve import "@xenova/transformers" from "C:/Users/savya/OneDrive/Documents/Samanyudu 
TV/src/App.tsx".
This is most likely unintended because it can break your application at runtime.
If you do want to externalize this module explicitly add it to
`build.rollupOptions.external`[31m
    at viteLog 
(file:///C:/Users/savya/OneDrive/Documents/Samanyudu%20TV/node_modules/vite/dist/node/chunks/dep-DBxKXgDP.js:46345:15)
    at 
file:///C:/Users/savya/OneDrive/Documents/Samanyudu%20TV/node_modules/vite/dist/node/chunks/dep-DBxKXgDP.js:46403:18
    at onwarn (C:\Users\savya\OneDrive\Documents\Samanyudu TV\node_modules\@vitejs\plugin-react-swc\index.cjs:113:7)
    at 
file:///C:/Users/savya/OneDrive/Documents/Samanyudu%20TV/node_modules/vite/dist/node/chunks/dep-DBxKXgDP.js:46401:7
    at onRollupLog 
(file:///C:/Users/savya/OneDrive/Documents/Samanyudu%20TV/node_modules/vite/dist/node/chunks/dep-DBxKXgDP.js:46393:5)
    at onLog 
(file:///C:/Users/savya/OneDrive/Documents/Samanyudu%20TV/node_modules/vite/dist/node/chunks/dep-DBxKXgDP.js:46043:7)
    at 
file:///C:/Users/savya/OneDrive/Documents/Samanyudu%20TV/node_modules/rollup/dist/es/shared/node-entry.js:20958:32
    at Object.logger [as onLog] 
(file:///C:/Users/savya/OneDrive/Documents/Samanyudu%20TV/node_modules/rollup/dist/es/shared/node-entry.js:22945:9)
    at ModuleLoader.handleInvalidResolvedId 
(file:///C:/Users/savya/OneDrive/Documents/Samanyudu%20TV/node_modules/rollup/dist/es/shared/node-entry.js:21689:26)
    at file:///C:/Users/savya/OneDrive/Documents/Samanyudu%20TV/node_modules/rollup/dist/es/shared/node-entry.js:21647
:26[39m
